CUSTOMER_ID,FIRST_NAME,LAST_NAME,FIRST_ORDER_DATE,MOST_RECENT_ORDER_DATE,NUMBER_OF_ORDERS
1,Michael,P.,2018-01-01,2018-01-01,1